/bin/sh: warning: setlocale: LC_ALL: cannot change locale (C.UTF-8)
sh: warning: setlocale: LC_ALL: cannot change locale (C.UTF-8)
sh: warning: setlocale: LC_ALL: cannot change locale (C.UTF-8)
sh: warning: setlocale: LC_ALL: cannot change locale (C.UTF-8)
srun: got SIGCONT
srun: forcing job termination
slurmstepd: error: *** STEP 669434.1 ON fat004 CANCELLED AT 2026-09-14T00:53:45 ***
srun: Job step aborted: Waiting up to 62 seconds for job step to finish.
forrtl: error (78): process killed (SIGTERM)
Image              PC                Routine            Line        Source             
vasp_std           0000000001E4C8FE  Unknown               Unknown  Unknown
libpthread-2.17.s  00002AC1D0E085D0  Unknown               Unknown  Unknown
libc-2.17.so       00002AC1D13F9D47  __sched_yield         Unknown  Unknown
libmpi.so.12       00002AC1CFE95CA3  PMPIDI_CH3I_Progr     Unknown  Unknown
libmpi.so.12.0     00002AC1CFFFB053  Unknown               Unknown  Unknown
libmpi.so.12.0     00002AC1CFE5C1DA  Unknown               Unknown  Unknown
libmpi.so.12       00002AC1CFE5EB9F  MPI_Alltoall          Unknown  Unknown
libmpifort.so.12.  00002AC1CFA0C42E  mpi_alltoall__        Unknown  Unknown
vasp_std           0000000000478D64  Unknown               Unknown  Unknown
vasp_std           00000000007D5996  Unknown               Unknown  Unknown
vasp_std           0000000001062951  Unknown               Unknown  Unknown
vasp_std           00000000010FD36B  Unknown               Unknown  Unknown
vasp_std           0000000001C24C28  Unknown               Unknown  Unknown
vasp_std           0000000001BFD431  Unknown               Unknown  Unknown
vasp_std           000000000040C4DE  Unknown               Unknown  Unknown
libc-2.17.so       00002AC1D13393D5  __libc_start_main     Unknown  Unknown
vasp_std           000000000040C3E9  Unknown               Unknown  Unknown
forrtl: error (78): process killed (SIGTERM)
Image              PC                Routine            Line        Source             
vasp_std           0000000001E4C8FE  Unknown               Unknown  Unknown
libpthread-2.17.s  00002B03CA71F5D0  Unknown               Unknown  Unknown
libmpi.so.12       00002B03C97AC94A  PMPIDI_CH3I_Progr     Unknown  Unknown
libmpi.so.12.0     00002B03C9912053  Unknown               Unknown  Unknown
libmpi.so.12.0     00002B03C97731DA  Unknown               Unknown  Unknown
libmpi.so.12       00002B03C9775B9F  MPI_Alltoall          Unknown  Unknown
libmpifort.so.12.  00002B03C932342E  mpi_alltoall__        Unknown  Unknown
vasp_std           0000000000478D64  Unknown               Unknown  Unknown
vasp_std           00000000007D5996  Unknown               Unknown  Unknown
vasp_std           0000000001062951  Unknown               Unknown  Unknown
vasp_std           00000000010FD36B  Unknown               Unknown  Unknown
vasp_std           0000000001C24C28  Unknown               Unknown  Unknown
vasp_std           0000000001BFD431  Unknown               Unknown  Unknown
vasp_std           000000000040C4DE  Unknown               Unknown  Unknown
libc-2.17.so       00002B03CAC503D5  __libc_start_main     Unknown  Unknown
vasp_std           000000000040C3E9  Unknown               Unknown  Unknown
forrtl: error (78): process killed (SIGTERM)
Image              PC                Routine            Line        Source             
vasp_std           0000000001E4C8FE  Unknown               Unknown  Unknown
libpthread-2.17.s  00002B8899A535D0  Unknown               Unknown  Unknown
libc-2.17.so       00002B889A044D47  __sched_yield         Unknown  Unknown
libmpi.so.12       00002B8898AE0CA3  PMPIDI_CH3I_Progr     Unknown  Unknown
libmpi.so.12.0     00002B8898C46053  Unknown               Unknown  Unknown
libmpi.so.12.0     00002B8898AA71DA  Unknown               Unknown  Unknown
libmpi.so.12       00002B8898AA9B9F  MPI_Alltoall          Unknown  Unknown
libmpifort.so.12.  00002B889865742E  mpi_alltoall__        Unknown  Unknown
vasp_std           0000000000478D64  Unknown               Unknown  Unknown
vasp_std           00000000007D5996  Unknown               Unknown  Unknown
vasp_std           0000000001062951  Unknown               Unknown  Unknown
vasp_std           00000000010FD36B  Unknown               Unknown  Unknown
vasp_std           0000000001C24C28  Unknown               Unknown  Unknown
vasp_std           0000000001BFD431  Unknown               Unknown  Unknown
vasp_std           000000000040C4DE  Unknown               Unknown  Unknown
libc-2.17.so       00002B8899F843D5  __libc_start_main     Unknown  Unknown
vasp_std           000000000040C3E9  Unknown               Unknown  Unknown
forrtl: error (78): process killed (SIGTERM)
Image              PC                Routine            Line        Source             
vasp_std           0000000001E4C8FE  Unknown               Unknown  Unknown
libpthread-2.17.s  00002AE7FB2DB5D0  Unknown               Unknown  Unknown
libmpi.so.12       00002AE7FA368B0B  PMPIDI_CH3I_Progr     Unknown  Unknown
libmpi.so.12.0     00002AE7FA4CE053  Unknown               Unknown  Unknown
libmpi.so.12.0     00002AE7FA32F1DA  Unknown               Unknown  Unknown
libmpi.so.12       00002AE7FA331B9F  MPI_Alltoall          Unknown  Unknown
libmpifort.so.12.  00002AE7F9EDF42E  mpi_alltoall__        Unknown  Unknown
vasp_std           0000000000478D64  Unknown               Unknown  Unknown
vasp_std           00000000007D5996  Unknown               Unknown  Unknown
vasp_std           0000000001062951  Unknown               Unknown  Unknown
vasp_std           00000000010FD36B  Unknown               Unknown  Unknown
vasp_std           0000000001C24C28  Unknown               Unknown  Unknown
vasp_std           0000000001BFD431  Unknown               Unknown  Unknown
vasp_std           000000000040C4DE  Unknown               Unknown  Unknown
libc-2.17.so       00002AE7FB80C3D5  __libc_start_main     Unknown  Unknown
vasp_std           000000000040C3E9  Unknown               Unknown  Unknown
forrtl: error (78): process killed (SIGTERM)
Image              PC                Routine            Line        Source             
vasp_std           0000000001E4C8FE  Unknown               Unknown  Unknown
libpthread-2.17.s  00002AAE159305D0  Unknown               Unknown  Unknown
libc-2.17.so       00002AAE15F21D47  __sched_yield         Unknown  Unknown
libmpi.so.12       00002AAE149BDCA3  PMPIDI_CH3I_Progr     Unknown  Unknown
libmpi.so.12.0     00002AAE14B23053  Unknown               Unknown  Unknown
libmpi.so.12.0     00002AAE149841DA  Unknown               Unknown  Unknown
libmpi.so.12       00002AAE14986B9F  MPI_Alltoall          Unknown  Unknown
libmpifort.so.12.  00002AAE1453442E  mpi_alltoall__        Unknown  Unknown
vasp_std           0000000000478D64  Unknown               Unknown  Unknown
vasp_std           00000000007D5996  Unknown               Unknown  Unknown
vasp_std           0000000001062951  Unknown               Unknown  Unknown
vasp_std           00000000010FD36B  Unknown               Unknown  Unknown
vasp_std           0000000001C24C28  Unknown               Unknown  Unknown
vasp_std           0000000001BFD431  Unknown               Unknown  Unknown
vasp_std           000000000040C4DE  Unknown               Unknown  Unknown
libc-2.17.so       00002AAE15E613D5  __libc_start_main     Unknown  Unknown
vasp_std           000000000040C3E9  Unknown               Unknown  Unknown
forrtl: error (78): process killed (SIGTERM)
Image              PC                Routine            Line        Source             
vasp_std           0000000001E4C8FE  Unknown               Unknown  Unknown
libpthread-2.17.s  00002AEDBC1A05D0  Unknown               Unknown  Unknown
libmpi.so.12       00002AEDBB22E852  PMPIDI_CH3I_Progr     Unknown  Unknown
libmpi.so.12.0     00002AEDBB393053  Unknown               Unknown  Unknown
libmpi.so.12.0     00002AEDBB1F41DA  Unknown               Unknown  Unknown
libmpi.so.12       00002AEDBB1F6B9F  MPI_Alltoall          Unknown  Unknown
libmpifort.so.12.  00002AEDBADA442E  mpi_alltoall__        Unknown  Unknown
vasp_std           0000000000478D64  Unknown               Unknown  Unknown
vasp_std           00000000007D5996  Unknown               Unknown  Unknown
vasp_std           0000000001062951  Unknown               Unknown  Unknown
vasp_std           00000000010FD36B  Unknown               Unknown  Unknown
vasp_std           0000000001C24C28  Unknown               Unknown  Unknown
vasp_std           0000000001BFD431  Unknown               Unknown  Unknown
vasp_std           000000000040C4DE  Unknown               Unknown  Unknown
libc-2.17.so       00002AEDBC6D13D5  __libc_start_main     Unknown  Unknown
vasp_std           000000000040C3E9  Unknown               Unknown  Unknown
forrtl: error (78): process killed (SIGTERM)
Image              PC                Routine            Line        Source             
vasp_std           0000000001E4C8FE  Unknown               Unknown  Unknown
libpthread-2.17.s  00002B10F7F695D0  Unknown               Unknown  Unknown
libc-2.17.so       00002B10F855AD47  __sched_yield         Unknown  Unknown
libmpi.so.12       00002B10F6FF6CA3  PMPIDI_CH3I_Progr     Unknown  Unknown
libmpi.so.12.0     00002B10F715C053  Unknown               Unknown  Unknown
libmpi.so.12.0     00002B10F6FBD1DA  Unknown               Unknown  Unknown
libmpi.so.12       00002B10F6FBFB9F  MPI_Alltoall          Unknown  Unknown
libmpifort.so.12.  00002B10F6B6D42E  mpi_alltoall__        Unknown  Unknown
vasp_std           0000000000478D64  Unknown               Unknown  Unknown
vasp_std           00000000007D5996  Unknown               Unknown  Unknown
vasp_std           0000000001062951  Unknown               Unknown  Unknown
vasp_std           00000000010FD36B  Unknown               Unknown  Unknown
vasp_std           0000000001C24C28  Unknown               Unknown  Unknown
vasp_std           0000000001BFD431  Unknown               Unknown  Unknown
vasp_std           000000000040C4DE  Unknown               Unknown  Unknown
libc-2.17.so       00002B10F849A3D5  __libc_start_main     Unknown  Unknown
vasp_std           000000000040C3E9  Unknown               Unknown  Unknown
forrtl: error (78): process killed (SIGTERM)
Image              PC                Routine            Line        Source             
vasp_std           0000000001E4C8FE  Unknown               Unknown  Unknown
libpthread-2.17.s  00002AB24F1865D0  Unknown               Unknown  Unknown
libmpi.so.12       00002AB24E21388F  PMPIDI_CH3I_Progr     Unknown  Unknown
libmpi.so.12.0     00002AB24E379053  Unknown               Unknown  Unknown
libmpi.so.12.0     00002AB24E1DA1DA  Unknown               Unknown  Unknown
libmpi.so.12       00002AB24E1DCB9F  MPI_Alltoall          Unknown  Unknown
libmpifort.so.12.  00002AB24DD8A42E  mpi_alltoall__        Unknown  Unknown
vasp_std           0000000000478D64  Unknown               Unknown  Unknown
vasp_std           00000000007D5996  Unknown               Unknown  Unknown
vasp_std           0000000001062951  Unknown               Unknown  Unknown
vasp_std           00000000010FD36B  Unknown               Unknown  Unknown
vasp_std           0000000001C24C28  Unknown               Unknown  Unknown
vasp_std           0000000001BFD431  Unknown               Unknown  Unknown
vasp_std           000000000040C4DE  Unknown               Unknown  Unknown
libc-2.17.so       00002AB24F6B73D5  __libc_start_main     Unknown  Unknown
vasp_std           000000000040C3E9  Unknown               Unknown  Unknown
forrtl: error (78): process killed (SIGTERM)
Image              PC                Routine            Line        Source             
vasp_std           0000000001E4C8FE  Unknown               Unknown  Unknown
libpthread-2.17.s  00002B452BFFA5D0  Unknown               Unknown  Unknown
libc-2.17.so       00002B452C5EBD47  __sched_yield         Unknown  Unknown
libmpi.so.12       00002B452B087CA3  PMPIDI_CH3I_Progr     Unknown  Unknown
libmpi.so.12.0     00002B452B1ED053  Unknown               Unknown  Unknown
libmpi.so.12.0     00002B452B04E1DA  Unknown               Unknown  Unknown
libmpi.so.12       00002B452B050B9F  MPI_Alltoall          Unknown  Unknown
libmpifort.so.12.  00002B452ABFE42E  mpi_alltoall__        Unknown  Unknown
vasp_std           0000000000478D64  Unknown               Unknown  Unknown
vasp_std           00000000007D5996  Unknown               Unknown  Unknown
vasp_std           0000000001062951  Unknown               Unknown  Unknown
vasp_std           00000000010FD36B  Unknown               Unknown  Unknown
vasp_std           0000000001C24C28  Unknown               Unknown  Unknown
vasp_std           0000000001BFD431  Unknown               Unknown  Unknown
vasp_std           000000000040C4DE  Unknown               Unknown  Unknown
libc-2.17.so       00002B452C52B3D5  __libc_start_main     Unknown  Unknown
vasp_std           000000000040C3E9  Unknown               Unknown  Unknown
forrtl: error (78): process killed (SIGTERM)
Image              PC                Routine            Line        Source             
vasp_std           0000000001E4C8FE  Unknown               Unknown  Unknown
libpthread-2.17.s  00002ACCA74875D0  Unknown               Unknown  Unknown
libmpi.so.12       00002ACCA6515852  PMPIDI_CH3I_Progr     Unknown  Unknown
libmpi.so.12.0     00002ACCA667A053  Unknown               Unknown  Unknown
libmpi.so.12.0     00002ACCA64DB1DA  Unknown               Unknown  Unknown
libmpi.so.12       00002ACCA64DDB9F  MPI_Alltoall          Unknown  Unknown
libmpifort.so.12.  00002ACCA608B42E  mpi_alltoall__        Unknown  Unknown
vasp_std           0000000000478D64  Unknown               Unknown  Unknown
vasp_std           00000000007D5996  Unknown               Unknown  Unknown
vasp_std           0000000001062951  Unknown               Unknown  Unknown
vasp_std           00000000010FD36B  Unknown               Unknown  Unknown
vasp_std           0000000001C24C28  Unknown               Unknown  Unknown
vasp_std           0000000001BFD431  Unknown               Unknown  Unknown
vasp_std           000000000040C4DE  Unknown               Unknown  Unknown
libc-2.17.so       00002ACCA79B83D5  __libc_start_main     Unknown  Unknown
vasp_std           000000000040C3E9  Unknown               Unknown  Unknown
forrtl: error (78): process killed (SIGTERM)
Image              PC                Routine            Line        Source             
vasp_std           0000000001E4C8FE  Unknown               Unknown  Unknown
libpthread-2.17.s  00002AF385FBB5D0  Unknown               Unknown  Unknown
libmpi.so.12       00002AF3850488C6  PMPIDI_CH3I_Progr     Unknown  Unknown
libmpi.so.12.0     00002AF3851AE053  Unknown               Unknown  Unknown
libmpi.so.12.0     00002AF38500F1DA  Unknown               Unknown  Unknown
libmpi.so.12       00002AF385011B9F  MPI_Alltoall          Unknown  Unknown
libmpifort.so.12.  00002AF384BBF42E  mpi_alltoall__        Unknown  Unknown
vasp_std           0000000000478D64  Unknown               Unknown  Unknown
vasp_std           00000000007D5996  Unknown               Unknown  Unknown
vasp_std           0000000001062951  Unknown               Unknown  Unknown
vasp_std           00000000010FD36B  Unknown               Unknown  Unknown
vasp_std           0000000001C24C28  Unknown               Unknown  Unknown
vasp_std           0000000001BFD431  Unknown               Unknown  Unknown
vasp_std           000000000040C4DE  Unknown               Unknown  Unknown
libc-2.17.so       00002AF3864EC3D5  __libc_start_main     Unknown  Unknown
vasp_std           000000000040C3E9  Unknown               Unknown  Unknown
forrtl: error (78): process killed (SIGTERM)
Image              PC                Routine            Line        Source             
vasp_std           0000000001E4C8FE  Unknown               Unknown  Unknown
libpthread-2.17.s  00002B1F9923C5D0  Unknown               Unknown  Unknown
libc-2.17.so       00002B1F9982DD47  __sched_yield         Unknown  Unknown
libmpi.so.12       00002B1F982C9CA3  PMPIDI_CH3I_Progr     Unknown  Unknown
libmpi.so.12.0     00002B1F9842F053  Unknown               Unknown  Unknown
libmpi.so.12.0     00002B1F982901DA  Unknown               Unknown  Unknown
libmpi.so.12       00002B1F98292B9F  MPI_Alltoall          Unknown  Unknown
libmpifort.so.12.  00002B1F97E4042E  mpi_alltoall__        Unknown  Unknown
vasp_std           0000000000478D64  Unknown               Unknown  Unknown
vasp_std           00000000007D5996  Unknown               Unknown  Unknown
vasp_std           0000000001062951  Unknown               Unknown  Unknown
vasp_std           00000000010FD36B  Unknown               Unknown  Unknown
vasp_std           0000000001C24C28  Unknown               Unknown  Unknown
vasp_std           0000000001BFD431  Unknown               Unknown  Unknown
vasp_std           000000000040C4DE  Unknown               Unknown  Unknown
libc-2.17.so       00002B1F9976D3D5  __libc_start_main     Unknown  Unknown
vasp_std           000000000040C3E9  Unknown               Unknown  Unknown
forrtl: error (78): process killed (SIGTERM)
Image              PC                Routine            Line        Source             
vasp_std           0000000001E4C8FE  Unknown               Unknown  Unknown
libpthread-2.17.s  00002AFE548D65D0  Unknown               Unknown  Unknown
libc-2.17.so       00002AFE54EC7D47  __sched_yield         Unknown  Unknown
libmpi.so.12       00002AFE53963CA3  PMPIDI_CH3I_Progr     Unknown  Unknown
libmpi.so.12.0     00002AFE53AC9053  Unknown               Unknown  Unknown
libmpi.so.12.0     00002AFE5392A1DA  Unknown               Unknown  Unknown
libmpi.so.12       00002AFE5392CB9F  MPI_Alltoall          Unknown  Unknown
libmpifort.so.12.  00002AFE534DA42E  mpi_alltoall__        Unknown  Unknown
vasp_std           0000000000478D64  Unknown               Unknown  Unknown
vasp_std           00000000007D5996  Unknown               Unknown  Unknown
vasp_std           0000000001062951  Unknown               Unknown  Unknown
vasp_std           00000000010FD36B  Unknown               Unknown  Unknown
vasp_std           0000000001C24C28  Unknown               Unknown  Unknown
vasp_std           0000000001BFD431  Unknown               Unknown  Unknown
vasp_std           000000000040C4DE  Unknown               Unknown  Unknown
libc-2.17.so       00002AFE54E073D5  __libc_start_main     Unknown  Unknown
vasp_std           000000000040C3E9  Unknown               Unknown  Unknown
forrtl: error (78): process killed (SIGTERM)
Image              PC                Routine            Line        Source             
vasp_std           0000000001E4C8FE  Unknown               Unknown  Unknown
libpthread-2.17.s  00002B2D682255D0  Unknown               Unknown  Unknown
libmpi.so.12       00002B2D672B2B0B  PMPIDI_CH3I_Progr     Unknown  Unknown
libmpi.so.12.0     00002B2D67418053  Unknown               Unknown  Unknown
libmpi.so.12.0     00002B2D672791DA  Unknown               Unknown  Unknown
libmpi.so.12       00002B2D6727BB9F  MPI_Alltoall          Unknown  Unknown
libmpifort.so.12.  00002B2D66E2942E  mpi_alltoall__        Unknown  Unknown
vasp_std           0000000000478D64  Unknown               Unknown  Unknown
vasp_std           00000000007D5996  Unknown               Unknown  Unknown
vasp_std           0000000001062951  Unknown               Unknown  Unknown
vasp_std           00000000010FD36B  Unknown               Unknown  Unknown
vasp_std           0000000001C24C28  Unknown               Unknown  Unknown
vasp_std           0000000001BFD431  Unknown               Unknown  Unknown
vasp_std           000000000040C4DE  Unknown               Unknown  Unknown
libc-2.17.so       00002B2D687563D5  __libc_start_main     Unknown  Unknown
vasp_std           000000000040C3E9  Unknown               Unknown  Unknown
forrtl: error (78): process killed (SIGTERM)
Image              PC                Routine            Line        Source             
vasp_std           0000000001E4C8FE  Unknown               Unknown  Unknown
libpthread-2.17.s  00002B9AFED035D0  Unknown               Unknown  Unknown
libc-2.17.so       00002B9AFF2F4D47  __sched_yield         Unknown  Unknown
libmpi.so.12       00002B9AFDD90CA3  PMPIDI_CH3I_Progr     Unknown  Unknown
libmpi.so.12.0     00002B9AFDEF6053  Unknown               Unknown  Unknown
libmpi.so.12.0     00002B9AFDD571DA  Unknown               Unknown  Unknown
libmpi.so.12       00002B9AFDD59B9F  MPI_Alltoall          Unknown  Unknown
libmpifort.so.12.  00002B9AFD90742E  mpi_alltoall__        Unknown  Unknown
vasp_std           0000000000478D64  Unknown               Unknown  Unknown
vasp_std           00000000007D5996  Unknown               Unknown  Unknown
vasp_std           0000000001062951  Unknown               Unknown  Unknown
vasp_std           00000000010FD36B  Unknown               Unknown  Unknown
vasp_std           0000000001C24C28  Unknown               Unknown  Unknown
vasp_std           0000000001BFD431  Unknown               Unknown  Unknown
vasp_std           000000000040C4DE  Unknown               Unknown  Unknown
libc-2.17.so       00002B9AFF2343D5  __libc_start_main     Unknown  Unknown
vasp_std           000000000040C3E9  Unknown               Unknown  Unknown
forrtl: error (78): process killed (SIGTERM)
Image              PC                Routine            Line        Source             
vasp_std           0000000001E4C8FE  Unknown               Unknown  Unknown
libpthread-2.17.s  00002AEB2435A5D0  Unknown               Unknown  Unknown
libc-2.17.so       00002AEB2494BD47  __sched_yield         Unknown  Unknown
libmpi.so.12       00002AEB233E7CA3  PMPIDI_CH3I_Progr     Unknown  Unknown
libmpi.so.12.0     00002AEB2354D053  Unknown               Unknown  Unknown
libmpi.so.12.0     00002AEB233AE1DA  Unknown               Unknown  Unknown
libmpi.so.12       00002AEB233B0B9F  MPI_Alltoall          Unknown  Unknown
libmpifort.so.12.  00002AEB22F5E42E  mpi_alltoall__        Unknown  Unknown
vasp_std           0000000000478D64  Unknown               Unknown  Unknown
vasp_std           00000000007D5996  Unknown               Unknown  Unknown
vasp_std           0000000001062951  Unknown               Unknown  Unknown
vasp_std           00000000010FD36B  Unknown               Unknown  Unknown
vasp_std           0000000001C24C28  Unknown               Unknown  Unknown
vasp_std           0000000001BFD431  Unknown               Unknown  Unknown
vasp_std           000000000040C4DE  Unknown               Unknown  Unknown
libc-2.17.so       00002AEB2488B3D5  __libc_start_main     Unknown  Unknown
vasp_std           000000000040C3E9  Unknown               Unknown  Unknown
forrtl: error (78): process killed (SIGTERM)
Image              PC                Routine            Line        Source             
vasp_std           0000000001E4C8FE  Unknown               Unknown  Unknown
libpthread-2.17.s  00002ADA815015D0  Unknown               Unknown  Unknown
libmpi.so.12.0     00002ADA8054A8DB  Unknown               Unknown  Unknown
libmpi.so.12.0     00002ADA8054E285  Unknown               Unknown  Unknown
libmpi.so.12       00002ADA80553006  PMPI_Allreduce        Unknown  Unknown
libmpifort.so.12.  00002ADA80104FF1  mpi_allreduce_        Unknown  Unknown
vasp_std           000000000047CABA  Unknown               Unknown  Unknown
vasp_std           000000000083D596  Unknown               Unknown  Unknown
vasp_std           00000000008A09AD  Unknown               Unknown  Unknown
vasp_std           000000000105D30E  Unknown               Unknown  Unknown
vasp_std           00000000010FD36B  Unknown               Unknown  Unknown
vasp_std           0000000001C24C28  Unknown               Unknown  Unknown
vasp_std           0000000001BFD431  Unknown               Unknown  Unknown
vasp_std           000000000040C4DE  Unknown               Unknown  Unknown
libc-2.17.so       00002ADA81A323D5  __libc_start_main     Unknown  Unknown
vasp_std           000000000040C3E9  Unknown               Unknown  Unknown
forrtl: error (78): process killed (SIGTERM)
Image              PC                Routine            Line        Source             
vasp_std           0000000001E4C8FE  Unknown               Unknown  Unknown
libpthread-2.17.s  00002AC8386895D0  Unknown               Unknown  Unknown
libmpi.so.12.0     00002AC8376D317F  Unknown               Unknown  Unknown
libmpi.so.12.0     00002AC8376D645B  Unknown               Unknown  Unknown
libmpi.so.12       00002AC8376DB006  PMPI_Allreduce        Unknown  Unknown
libmpifort.so.12.  00002AC83728CFF1  mpi_allreduce_        Unknown  Unknown
vasp_std           000000000047CABA  Unknown               Unknown  Unknown
vasp_std           000000000083D596  Unknown               Unknown  Unknown
vasp_std           00000000008A09AD  Unknown               Unknown  Unknown
vasp_std           000000000105D30E  Unknown               Unknown  Unknown
vasp_std           00000000010FD36B  Unknown               Unknown  Unknown
vasp_std           0000000001C24C28  Unknown               Unknown  Unknown
vasp_std           0000000001BFD431  Unknown               Unknown  Unknown
vasp_std           000000000040C4DE  Unknown               Unknown  Unknown
libc-2.17.so       00002AC838BBA3D5  __libc_start_main     Unknown  Unknown
vasp_std           000000000040C3E9  Unknown               Unknown  Unknown
forrtl: error (78): process killed (SIGTERM)
Image              PC                Routine            Line        Source             
vasp_std           0000000001E4C8FE  Unknown               Unknown  Unknown
libpthread-2.17.s  00002AC261F905D0  Unknown               Unknown  Unknown
libmpi.so.12.0     00002AC260FDA17D  Unknown               Unknown  Unknown
libmpi.so.12.0     00002AC260FDD45B  Unknown               Unknown  Unknown
libmpi.so.12       00002AC260FE2006  PMPI_Allreduce        Unknown  Unknown
libmpifort.so.12.  00002AC260B93FF1  mpi_allreduce_        Unknown  Unknown
vasp_std           000000000047CABA  Unknown               Unknown  Unknown
vasp_std           000000000083D596  Unknown               Unknown  Unknown
vasp_std           00000000008A09AD  Unknown               Unknown  Unknown
vasp_std           000000000105D30E  Unknown               Unknown  Unknown
vasp_std           00000000010FD36B  Unknown               Unknown  Unknown
vasp_std           0000000001C24C28  Unknown               Unknown  Unknown
vasp_std           0000000001BFD431  Unknown               Unknown  Unknown
vasp_std           000000000040C4DE  Unknown               Unknown  Unknown
libc-2.17.so       00002AC2624C13D5  __libc_start_main     Unknown  Unknown
vasp_std           000000000040C3E9  Unknown               Unknown  Unknown
forrtl: error (78): process killed (SIGTERM)
Image              PC                Routine            Line        Source             
vasp_std           0000000001E4C8FE  Unknown               Unknown  Unknown
libpthread-2.17.s  00002AE5A5FCF5D0  Unknown               Unknown  Unknown
libc-2.17.so       00002AE5A65C0D47  __sched_yield         Unknown  Unknown
libmpi.so.12       00002AE5A505CCA3  PMPIDI_CH3I_Progr     Unknown  Unknown
libmpi.so.12.0     00002AE5A540B302  Unknown               Unknown  Unknown
libmpi.so.12.0     00002AE5A51B80B0  Unknown               Unknown  Unknown
libmpi.so.12       00002AE5A50292D7  PMPI_Alltoallv        Unknown  Unknown
libmpifort.so.12.  00002AE5A4BD3B21  pmpi_alltoallv_       Unknown  Unknown
vasp_std           0000000000477237  Unknown               Unknown  Unknown
vasp_std           0000000001B985DE  Unknown               Unknown  Unknown
vasp_std           0000000001B8F1A1  Unknown               Unknown  Unknown
vasp_std           0000000001B8F8D4  Unknown               Unknown  Unknown
vasp_std           0000000001B8C6FA  Unknown               Unknown  Unknown
vasp_std           0000000001B8B5BA  Unknown               Unknown  Unknown
vasp_std           00000000007EDCBF  Unknown               Unknown  Unknown
vasp_std           0000000001060B31  Unknown               Unknown  Unknown
vasp_std           00000000010FD36B  Unknown               Unknown  Unknown
vasp_std           0000000001C24C28  Unknown               Unknown  Unknown
vasp_std           0000000001BFD431  Unknown               Unknown  Unknown
vasp_std           000000000040C4DE  Unknown               Unknown  Unknown
libc-2.17.so       00002AE5A65003D5  __libc_start_main     Unknown  Unknown
vasp_std           000000000040C3E9  Unknown               Unknown  Unknown
