/bin/sh: warning: setlocale: LC_ALL: cannot change locale (C.UTF-8)
sh: warning: setlocale: LC_ALL: cannot change locale (C.UTF-8)
sh: warning: setlocale: LC_ALL: cannot change locale (C.UTF-8)
sh: warning: setlocale: LC_ALL: cannot change locale (C.UTF-8)
srun: Job step aborted: Waiting up to 62 seconds for job step to finish.
srun: got SIGCONT
srun: forcing job termination
slurmstepd: error: *** STEP 669433.1 ON fat004 CANCELLED AT 2026-09-14T00:53:45 ***
forrtl: error (78): process killed (SIGTERM)
Image              PC                Routine            Line        Source             
vasp_std           0000000001E4C8FE  Unknown               Unknown  Unknown
libpthread-2.17.s  00002AE6BD6555D0  Unknown               Unknown  Unknown
libc-2.17.so       00002AE6BDC46D47  __sched_yield         Unknown  Unknown
libmpi.so.12       00002AE6BC6E2CA3  PMPIDI_CH3I_Progr     Unknown  Unknown
libmpi.so.12       00002AE6BC9E191B  MPI_Recv              Unknown  Unknown
libmkl_blacs_inte  00002AE6BBCE3E81  MKLMPI_Recv           Unknown  Unknown
libmkl_blacs_inte  00002AE6BBCE79A9  BI_Srecv              Unknown  Unknown
libmkl_blacs_inte  00002AE6BBCD31BB  Czgerv2d              Unknown  Unknown
vasp_std           0000000001D38F7C  Unknown               Unknown  Unknown
vasp_std           0000000001D26CAC  Unknown               Unknown  Unknown
vasp_std           0000000001CC3E2B  Unknown               Unknown  Unknown
vasp_std           0000000001C9A7D3  Unknown               Unknown  Unknown
vasp_std           0000000001C86108  Unknown               Unknown  Unknown
vasp_std           0000000001C84EC1  Unknown               Unknown  Unknown
vasp_std           0000000001C8073D  Unknown               Unknown  Unknown
vasp_std           00000000004B08F3  Unknown               Unknown  Unknown
vasp_std           00000000010631A6  Unknown               Unknown  Unknown
vasp_std           00000000010FD36B  Unknown               Unknown  Unknown
vasp_std           0000000001C24C28  Unknown               Unknown  Unknown
vasp_std           0000000001BFD431  Unknown               Unknown  Unknown
vasp_std           000000000040C4DE  Unknown               Unknown  Unknown
libc-2.17.so       00002AE6BDB863D5  __libc_start_main     Unknown  Unknown
vasp_std           000000000040C3E9  Unknown               Unknown  Unknown
forrtl: error (78): process killed (SIGTERM)
Image              PC                Routine            Line        Source             
vasp_std           0000000001E4C8FE  Unknown               Unknown  Unknown
libpthread-2.17.s  00002ABB89EA05D0  Unknown               Unknown  Unknown
libmpi.so.12.0     00002ABB88F0E0C0  Unknown               Unknown  Unknown
libmpi.so.12.0     00002ABB88F0D989  Unknown               Unknown  Unknown
libmpi.so.12.0     00002ABB88F17CAE  Unknown               Unknown  Unknown
libmpi.so.12       00002ABB88F171B3  MPI_Bcast             Unknown  Unknown
libmkl_blacs_inte  00002ABB8852D73F  MKLMPI_Bcast          Unknown  Unknown
libmkl_blacs_inte  00002ABB885204B1  Czgebr2d              Unknown  Unknown
vasp_std           0000000001D2720C  Unknown               Unknown  Unknown
vasp_std           0000000001CC3DA0  Unknown               Unknown  Unknown
vasp_std           0000000001C9A7D3  Unknown               Unknown  Unknown
vasp_std           0000000001C86108  Unknown               Unknown  Unknown
vasp_std           0000000001C84EC1  Unknown               Unknown  Unknown
vasp_std           0000000001C8073D  Unknown               Unknown  Unknown
vasp_std           00000000004B08F3  Unknown               Unknown  Unknown
vasp_std           00000000010631A6  Unknown               Unknown  Unknown
vasp_std           00000000010FD36B  Unknown               Unknown  Unknown
vasp_std           0000000001C24C28  Unknown               Unknown  Unknown
vasp_std           0000000001BFD431  Unknown               Unknown  Unknown
vasp_std           000000000040C4DE  Unknown               Unknown  Unknown
libc-2.17.so       00002ABB8A3D13D5  __libc_start_main     Unknown  Unknown
vasp_std           000000000040C3E9  Unknown               Unknown  Unknown
forrtl: error (78): process killed (SIGTERM)
Image              PC                Routine            Line        Source             
vasp_std           0000000001E4C8FE  Unknown               Unknown  Unknown
libpthread-2.17.s  00002B29F89A95D0  Unknown               Unknown  Unknown
libmpi.so.12.0     00002B29F7A170C0  Unknown               Unknown  Unknown
libmpi.so.12.0     00002B29F7A16989  Unknown               Unknown  Unknown
libmpi.so.12.0     00002B29F7A20CAE  Unknown               Unknown  Unknown
libmpi.so.12       00002B29F7A201B3  MPI_Bcast             Unknown  Unknown
libmkl_blacs_inte  00002B29F703673F  MKLMPI_Bcast          Unknown  Unknown
libmkl_blacs_inte  00002B29F70294B1  Czgebr2d              Unknown  Unknown
vasp_std           0000000001D2720C  Unknown               Unknown  Unknown
vasp_std           0000000001CC3DA0  Unknown               Unknown  Unknown
vasp_std           0000000001C9A7D3  Unknown               Unknown  Unknown
vasp_std           0000000001C86108  Unknown               Unknown  Unknown
vasp_std           0000000001C84EC1  Unknown               Unknown  Unknown
vasp_std           0000000001C8073D  Unknown               Unknown  Unknown
vasp_std           00000000004B08F3  Unknown               Unknown  Unknown
vasp_std           00000000010631A6  Unknown               Unknown  Unknown
vasp_std           00000000010FD36B  Unknown               Unknown  Unknown
vasp_std           0000000001C24C28  Unknown               Unknown  Unknown
vasp_std           0000000001BFD431  Unknown               Unknown  Unknown
vasp_std           000000000040C4DE  Unknown               Unknown  Unknown
libc-2.17.so       00002B29F8EDA3D5  __libc_start_main     Unknown  Unknown
vasp_std           000000000040C3E9  Unknown               Unknown  Unknown
forrtl: error (78): process killed (SIGTERM)
Image              PC                Routine            Line        Source             
vasp_std           0000000001E4C8FE  Unknown               Unknown  Unknown
libpthread-2.17.s  00002B994D22E5D0  Unknown               Unknown  Unknown
libmpi.so.12.0     00002B994C29C0C0  Unknown               Unknown  Unknown
libmpi.so.12.0     00002B994C29B989  Unknown               Unknown  Unknown
libmpi.so.12.0     00002B994C2A5CAE  Unknown               Unknown  Unknown
libmpi.so.12       00002B994C2A51B3  MPI_Bcast             Unknown  Unknown
libmkl_blacs_inte  00002B994B8BB73F  MKLMPI_Bcast          Unknown  Unknown
libmkl_blacs_inte  00002B994B8AE4B1  Czgebr2d              Unknown  Unknown
vasp_std           0000000001D2720C  Unknown               Unknown  Unknown
vasp_std           0000000001CC3DA0  Unknown               Unknown  Unknown
vasp_std           0000000001C9A7D3  Unknown               Unknown  Unknown
vasp_std           0000000001C86108  Unknown               Unknown  Unknown
vasp_std           0000000001C84EC1  Unknown               Unknown  Unknown
vasp_std           0000000001C8073D  Unknown               Unknown  Unknown
vasp_std           00000000004B08F3  Unknown               Unknown  Unknown
vasp_std           00000000010631A6  Unknown               Unknown  Unknown
vasp_std           00000000010FD36B  Unknown               Unknown  Unknown
vasp_std           0000000001C24C28  Unknown               Unknown  Unknown
vasp_std           0000000001BFD431  Unknown               Unknown  Unknown
vasp_std           000000000040C4DE  Unknown               Unknown  Unknown
libc-2.17.so       00002B994D75F3D5  __libc_start_main     Unknown  Unknown
vasp_std           000000000040C3E9  Unknown               Unknown  Unknown
forrtl: error (78): process killed (SIGTERM)
Image              PC                Routine            Line        Source             
vasp_std           0000000001E4C8FE  Unknown               Unknown  Unknown
libpthread-2.17.s  00002ABE1500C5D0  Unknown               Unknown  Unknown
libmpi.so.12.0     00002ABE14079F89  Unknown               Unknown  Unknown
libmpi.so.12.0     00002ABE14079989  Unknown               Unknown  Unknown
libmpi.so.12.0     00002ABE14083CAE  Unknown               Unknown  Unknown
libmpi.so.12       00002ABE140831B3  MPI_Bcast             Unknown  Unknown
libmkl_blacs_inte  00002ABE1369973F  MKLMPI_Bcast          Unknown  Unknown
libmkl_blacs_inte  00002ABE1368B456  Czgebs2d              Unknown  Unknown
vasp_std           0000000001D27129  Unknown               Unknown  Unknown
vasp_std           0000000001CC3DA0  Unknown               Unknown  Unknown
vasp_std           0000000001C9A7D3  Unknown               Unknown  Unknown
vasp_std           0000000001C86108  Unknown               Unknown  Unknown
vasp_std           0000000001C84EC1  Unknown               Unknown  Unknown
vasp_std           0000000001C8073D  Unknown               Unknown  Unknown
vasp_std           00000000004B08F3  Unknown               Unknown  Unknown
vasp_std           00000000010631A6  Unknown               Unknown  Unknown
vasp_std           00000000010FD36B  Unknown               Unknown  Unknown
vasp_std           0000000001C24C28  Unknown               Unknown  Unknown
vasp_std           0000000001BFD431  Unknown               Unknown  Unknown
vasp_std           000000000040C4DE  Unknown               Unknown  Unknown
libc-2.17.so       00002ABE1553D3D5  __libc_start_main     Unknown  Unknown
vasp_std           000000000040C3E9  Unknown               Unknown  Unknown
forrtl: error (78): process killed (SIGTERM)
Image              PC                Routine            Line        Source             
vasp_std           0000000001E4C8FE  Unknown               Unknown  Unknown
libpthread-2.17.s  00002AB744D785D0  Unknown               Unknown  Unknown
libmpi.so.12.0     00002AB743DE60BE  Unknown               Unknown  Unknown
libmpi.so.12.0     00002AB743DE5989  Unknown               Unknown  Unknown
libmpi.so.12.0     00002AB743DEFCAE  Unknown               Unknown  Unknown
libmpi.so.12       00002AB743DEF1B3  MPI_Bcast             Unknown  Unknown
libmkl_blacs_inte  00002AB74340573F  MKLMPI_Bcast          Unknown  Unknown
libmkl_blacs_inte  00002AB7433F84B1  Czgebr2d              Unknown  Unknown
vasp_std           0000000001D389FB  Unknown               Unknown  Unknown
vasp_std           0000000001D26CAC  Unknown               Unknown  Unknown
vasp_std           0000000001CC3E2B  Unknown               Unknown  Unknown
vasp_std           0000000001C9A7D3  Unknown               Unknown  Unknown
vasp_std           0000000001C86108  Unknown               Unknown  Unknown
vasp_std           0000000001C84EC1  Unknown               Unknown  Unknown
vasp_std           0000000001C8073D  Unknown               Unknown  Unknown
vasp_std           00000000004B08F3  Unknown               Unknown  Unknown
vasp_std           00000000010631A6  Unknown               Unknown  Unknown
vasp_std           00000000010FD36B  Unknown               Unknown  Unknown
vasp_std           0000000001C24C28  Unknown               Unknown  Unknown
vasp_std           0000000001BFD431  Unknown               Unknown  Unknown
vasp_std           000000000040C4DE  Unknown               Unknown  Unknown
libc-2.17.so       00002AB7452A93D5  __libc_start_main     Unknown  Unknown
vasp_std           000000000040C3E9  Unknown               Unknown  Unknown
forrtl: error (78): process killed (SIGTERM)
Image              PC                Routine            Line        Source             
vasp_std           0000000001E4C8FE  Unknown               Unknown  Unknown
libpthread-2.17.s  00002AF6DCF985D0  Unknown               Unknown  Unknown
libmpi.so.12.0     00002AF6DC0060C0  Unknown               Unknown  Unknown
libmpi.so.12.0     00002AF6DC005989  Unknown               Unknown  Unknown
libmpi.so.12.0     00002AF6DC00FCAE  Unknown               Unknown  Unknown
libmpi.so.12       00002AF6DC00F1B3  MPI_Bcast             Unknown  Unknown
libmkl_blacs_inte  00002AF6DB62573F  MKLMPI_Bcast          Unknown  Unknown
libmkl_blacs_inte  00002AF6DB6184B1  Czgebr2d              Unknown  Unknown
vasp_std           0000000001D389FB  Unknown               Unknown  Unknown
vasp_std           0000000001D26CAC  Unknown               Unknown  Unknown
vasp_std           0000000001CC3E2B  Unknown               Unknown  Unknown
vasp_std           0000000001C9A7D3  Unknown               Unknown  Unknown
vasp_std           0000000001C86108  Unknown               Unknown  Unknown
vasp_std           0000000001C84EC1  Unknown               Unknown  Unknown
vasp_std           0000000001C8073D  Unknown               Unknown  Unknown
vasp_std           00000000004B08F3  Unknown               Unknown  Unknown
vasp_std           00000000010631A6  Unknown               Unknown  Unknown
vasp_std           00000000010FD36B  Unknown               Unknown  Unknown
vasp_std           0000000001C24C28  Unknown               Unknown  Unknown
vasp_std           0000000001BFD431  Unknown               Unknown  Unknown
vasp_std           000000000040C4DE  Unknown               Unknown  Unknown
libc-2.17.so       00002AF6DD4C93D5  __libc_start_main     Unknown  Unknown
vasp_std           000000000040C3E9  Unknown               Unknown  Unknown
forrtl: error (78): process killed (SIGTERM)
Image              PC                Routine            Line        Source             
vasp_std           0000000001E4C8FE  Unknown               Unknown  Unknown
libpthread-2.17.s  00002AEFE55CA5D0  Unknown               Unknown  Unknown
libc-2.17.so       00002AEFE5BBBD47  __sched_yield         Unknown  Unknown
libmpi.so.12       00002AEFE4659408  PMPIDI_CH3I_Progr     Unknown  Unknown
libmpi.so.12.0     00002AEFE4639DC9  Unknown               Unknown  Unknown
libmpi.so.12.0     00002AEFE4637921  Unknown               Unknown  Unknown
libmpi.so.12.0     00002AEFE4641CAE  Unknown               Unknown  Unknown
libmpi.so.12       00002AEFE46411B3  MPI_Bcast             Unknown  Unknown
libmkl_blacs_inte  00002AEFE3C5773F  MKLMPI_Bcast          Unknown  Unknown
libmkl_blacs_inte  00002AEFE3C4A4B1  Czgebr2d              Unknown  Unknown
vasp_std           0000000001D2720C  Unknown               Unknown  Unknown
vasp_std           0000000001CC3DA0  Unknown               Unknown  Unknown
vasp_std           0000000001C9A7D3  Unknown               Unknown  Unknown
vasp_std           0000000001C86108  Unknown               Unknown  Unknown
vasp_std           0000000001C84EC1  Unknown               Unknown  Unknown
vasp_std           0000000001C8073D  Unknown               Unknown  Unknown
vasp_std           00000000004B08F3  Unknown               Unknown  Unknown
vasp_std           00000000010631A6  Unknown               Unknown  Unknown
vasp_std           00000000010FD36B  Unknown               Unknown  Unknown
vasp_std           0000000001C24C28  Unknown               Unknown  Unknown
vasp_std           0000000001BFD431  Unknown               Unknown  Unknown
vasp_std           000000000040C4DE  Unknown               Unknown  Unknown
libc-2.17.so       00002AEFE5AFB3D5  __libc_start_main     Unknown  Unknown
vasp_std           000000000040C3E9  Unknown               Unknown  Unknown
forrtl: error (78): process killed (SIGTERM)
Image              PC                Routine            Line        Source             
vasp_std           0000000001E4C8FE  Unknown               Unknown  Unknown
libpthread-2.17.s  00002B40035C95D0  Unknown               Unknown  Unknown
libc-2.17.so       00002B4003BBAD47  __sched_yield         Unknown  Unknown
libmpi.so.12       00002B4002658408  PMPIDI_CH3I_Progr     Unknown  Unknown
libmpi.so.12.0     00002B40026370BC  Unknown               Unknown  Unknown
libmpi.so.12.0     00002B4002636989  Unknown               Unknown  Unknown
libmpi.so.12.0     00002B4002640CAE  Unknown               Unknown  Unknown
libmpi.so.12       00002B40026401B3  MPI_Bcast             Unknown  Unknown
libmkl_blacs_inte  00002B4001C5673F  MKLMPI_Bcast          Unknown  Unknown
libmkl_blacs_inte  00002B4001C494B1  Czgebr2d              Unknown  Unknown
vasp_std           0000000001D2720C  Unknown               Unknown  Unknown
vasp_std           0000000001CC3DA0  Unknown               Unknown  Unknown
vasp_std           0000000001C9A7D3  Unknown               Unknown  Unknown
vasp_std           0000000001C86108  Unknown               Unknown  Unknown
vasp_std           0000000001C84EC1  Unknown               Unknown  Unknown
vasp_std           0000000001C8073D  Unknown               Unknown  Unknown
vasp_std           00000000004B08F3  Unknown               Unknown  Unknown
vasp_std           00000000010631A6  Unknown               Unknown  Unknown
vasp_std           00000000010FD36B  Unknown               Unknown  Unknown
vasp_std           0000000001C24C28  Unknown               Unknown  Unknown
vasp_std           0000000001BFD431  Unknown               Unknown  Unknown
vasp_std           000000000040C4DE  Unknown               Unknown  Unknown
libc-2.17.so       00002B4003AFA3D5  __libc_start_main     Unknown  Unknown
vasp_std           000000000040C3E9  Unknown               Unknown  Unknown
forrtl: error (78): process killed (SIGTERM)
Image              PC                Routine            Line        Source             
vasp_std           0000000001E4C8FE  Unknown               Unknown  Unknown
libpthread-2.17.s  00002B3E667975D0  Unknown               Unknown  Unknown
libmpi.so.12.0     00002B3E6580A984  Unknown               Unknown  Unknown
libmpi.so.12.0     00002B3E65804945  Unknown               Unknown  Unknown
libmpi.so.12.0     00002B3E6580ECAE  Unknown               Unknown  Unknown
libmpi.so.12       00002B3E6580E1B3  MPI_Bcast             Unknown  Unknown
libmkl_blacs_inte  00002B3E64E2473F  MKLMPI_Bcast          Unknown  Unknown
libmkl_blacs_inte  00002B3E64E16456  Czgebs2d              Unknown  Unknown
vasp_std           0000000001D38981  Unknown               Unknown  Unknown
vasp_std           0000000001D26CAC  Unknown               Unknown  Unknown
vasp_std           0000000001CC3E2B  Unknown               Unknown  Unknown
vasp_std           0000000001C9A7D3  Unknown               Unknown  Unknown
vasp_std           0000000001C86108  Unknown               Unknown  Unknown
vasp_std           0000000001C84EC1  Unknown               Unknown  Unknown
vasp_std           0000000001C8073D  Unknown               Unknown  Unknown
vasp_std           00000000004B08F3  Unknown               Unknown  Unknown
vasp_std           00000000010631A6  Unknown               Unknown  Unknown
vasp_std           00000000010FD36B  Unknown               Unknown  Unknown
vasp_std           0000000001C24C28  Unknown               Unknown  Unknown
vasp_std           0000000001BFD431  Unknown               Unknown  Unknown
vasp_std           000000000040C4DE  Unknown               Unknown  Unknown
libc-2.17.so       00002B3E66CC83D5  __libc_start_main     Unknown  Unknown
vasp_std           000000000040C3E9  Unknown               Unknown  Unknown
forrtl: error (78): process killed (SIGTERM)
Image              PC                Routine            Line        Source             
vasp_std           0000000001E4C8FE  Unknown               Unknown  Unknown
libpthread-2.17.s  00002B9FD5B565D0  Unknown               Unknown  Unknown
libc-2.17.so       00002B9FD6147D47  __sched_yield         Unknown  Unknown
libmpi.so.12       00002B9FD4BE5408  PMPIDI_CH3I_Progr     Unknown  Unknown
libmpi.so.12.0     00002B9FD4BC40BC  Unknown               Unknown  Unknown
libmpi.so.12.0     00002B9FD4BC3989  Unknown               Unknown  Unknown
libmpi.so.12.0     00002B9FD4BCDCAE  Unknown               Unknown  Unknown
libmpi.so.12       00002B9FD4BCD1B3  MPI_Bcast             Unknown  Unknown
libmkl_blacs_inte  00002B9FD41E373F  MKLMPI_Bcast          Unknown  Unknown
libmkl_blacs_inte  00002B9FD41D64B1  Czgebr2d              Unknown  Unknown
vasp_std           0000000001D2720C  Unknown               Unknown  Unknown
vasp_std           0000000001CC3DA0  Unknown               Unknown  Unknown
vasp_std           0000000001C9A7D3  Unknown               Unknown  Unknown
vasp_std           0000000001C86108  Unknown               Unknown  Unknown
vasp_std           0000000001C84EC1  Unknown               Unknown  Unknown
vasp_std           0000000001C8073D  Unknown               Unknown  Unknown
vasp_std           00000000004B08F3  Unknown               Unknown  Unknown
vasp_std           00000000010631A6  Unknown               Unknown  Unknown
vasp_std           00000000010FD36B  Unknown               Unknown  Unknown
vasp_std           0000000001C24C28  Unknown               Unknown  Unknown
vasp_std           0000000001BFD431  Unknown               Unknown  Unknown
vasp_std           000000000040C4DE  Unknown               Unknown  Unknown
libc-2.17.so       00002B9FD60873D5  __libc_start_main     Unknown  Unknown
vasp_std           000000000040C3E9  Unknown               Unknown  Unknown
forrtl: error (78): process killed (SIGTERM)
Image              PC                Routine            Line        Source             
vasp_std           0000000001E4C8FE  Unknown               Unknown  Unknown
libpthread-2.17.s  00002AEAB63795D0  Unknown               Unknown  Unknown
libc-2.17.so       00002AEAB696AD47  __sched_yield         Unknown  Unknown
libmpi.so.12       00002AEAB5408408  PMPIDI_CH3I_Progr     Unknown  Unknown
libmpi.so.12.0     00002AEAB53E8DC9  Unknown               Unknown  Unknown
libmpi.so.12.0     00002AEAB53E6921  Unknown               Unknown  Unknown
libmpi.so.12.0     00002AEAB53F0CAE  Unknown               Unknown  Unknown
libmpi.so.12       00002AEAB53F01B3  MPI_Bcast             Unknown  Unknown
libmkl_blacs_inte  00002AEAB4A0673F  MKLMPI_Bcast          Unknown  Unknown
libmkl_blacs_inte  00002AEAB49F94B1  Czgebr2d              Unknown  Unknown
vasp_std           0000000001D2720C  Unknown               Unknown  Unknown
vasp_std           0000000001CC3DA0  Unknown               Unknown  Unknown
vasp_std           0000000001C9A7D3  Unknown               Unknown  Unknown
vasp_std           0000000001C86108  Unknown               Unknown  Unknown
vasp_std           0000000001C84EC1  Unknown               Unknown  Unknown
vasp_std           0000000001C8073D  Unknown               Unknown  Unknown
vasp_std           00000000004B08F3  Unknown               Unknown  Unknown
vasp_std           00000000010631A6  Unknown               Unknown  Unknown
vasp_std           00000000010FD36B  Unknown               Unknown  Unknown
vasp_std           0000000001C24C28  Unknown               Unknown  Unknown
vasp_std           0000000001BFD431  Unknown               Unknown  Unknown
vasp_std           000000000040C4DE  Unknown               Unknown  Unknown
libc-2.17.so       00002AEAB68AA3D5  __libc_start_main     Unknown  Unknown
vasp_std           000000000040C3E9  Unknown               Unknown  Unknown
forrtl: error (78): process killed (SIGTERM)
Image              PC                Routine            Line        Source             
vasp_std           0000000001E4C8FE  Unknown               Unknown  Unknown
libpthread-2.17.s  00002ADB4D79F5D0  Unknown               Unknown  Unknown
libmpi.so.12.0     00002ADB4C80D0C0  Unknown               Unknown  Unknown
libmpi.so.12.0     00002ADB4C80C989  Unknown               Unknown  Unknown
libmpi.so.12.0     00002ADB4C816CAE  Unknown               Unknown  Unknown
libmpi.so.12       00002ADB4C8161B3  MPI_Bcast             Unknown  Unknown
libmkl_blacs_inte  00002ADB4BE2C73F  MKLMPI_Bcast          Unknown  Unknown
libmkl_blacs_inte  00002ADB4BE1F4B1  Czgebr2d              Unknown  Unknown
vasp_std           0000000001D389FB  Unknown               Unknown  Unknown
vasp_std           0000000001D26CAC  Unknown               Unknown  Unknown
vasp_std           0000000001CC3E2B  Unknown               Unknown  Unknown
vasp_std           0000000001C9A7D3  Unknown               Unknown  Unknown
vasp_std           0000000001C86108  Unknown               Unknown  Unknown
vasp_std           0000000001C84EC1  Unknown               Unknown  Unknown
vasp_std           0000000001C8073D  Unknown               Unknown  Unknown
vasp_std           00000000004B08F3  Unknown               Unknown  Unknown
vasp_std           00000000010631A6  Unknown               Unknown  Unknown
vasp_std           00000000010FD36B  Unknown               Unknown  Unknown
vasp_std           0000000001C24C28  Unknown               Unknown  Unknown
vasp_std           0000000001BFD431  Unknown               Unknown  Unknown
vasp_std           000000000040C4DE  Unknown               Unknown  Unknown
libc-2.17.so       00002ADB4DCD03D5  __libc_start_main     Unknown  Unknown
vasp_std           000000000040C3E9  Unknown               Unknown  Unknown
forrtl: error (78): process killed (SIGTERM)
Image              PC                Routine            Line        Source             
vasp_std           0000000001E4C8FE  Unknown               Unknown  Unknown
libpthread-2.17.s  00002B37D213A5D0  Unknown               Unknown  Unknown
libmpi.so.12.0     00002B37D11A80BE  Unknown               Unknown  Unknown
libmpi.so.12.0     00002B37D11A7989  Unknown               Unknown  Unknown
libmpi.so.12.0     00002B37D11B1CAE  Unknown               Unknown  Unknown
libmpi.so.12       00002B37D11B11B3  MPI_Bcast             Unknown  Unknown
libmkl_blacs_inte  00002B37D07C773F  MKLMPI_Bcast          Unknown  Unknown
libmkl_blacs_inte  00002B37D07BA4B1  Czgebr2d              Unknown  Unknown
vasp_std           0000000001D389FB  Unknown               Unknown  Unknown
vasp_std           0000000001D26CAC  Unknown               Unknown  Unknown
vasp_std           0000000001CC3E2B  Unknown               Unknown  Unknown
vasp_std           0000000001C9A7D3  Unknown               Unknown  Unknown
vasp_std           0000000001C86108  Unknown               Unknown  Unknown
vasp_std           0000000001C84EC1  Unknown               Unknown  Unknown
vasp_std           0000000001C8073D  Unknown               Unknown  Unknown
vasp_std           00000000004B08F3  Unknown               Unknown  Unknown
vasp_std           00000000010631A6  Unknown               Unknown  Unknown
vasp_std           00000000010FD36B  Unknown               Unknown  Unknown
vasp_std           0000000001C24C28  Unknown               Unknown  Unknown
vasp_std           0000000001BFD431  Unknown               Unknown  Unknown
vasp_std           000000000040C4DE  Unknown               Unknown  Unknown
libc-2.17.so       00002B37D266B3D5  __libc_start_main     Unknown  Unknown
vasp_std           000000000040C3E9  Unknown               Unknown  Unknown
forrtl: error (78): process killed (SIGTERM)
Image              PC                Routine            Line        Source             
vasp_std           0000000001E4C8FE  Unknown               Unknown  Unknown
libpthread-2.17.s  00002BA91BE745D0  Unknown               Unknown  Unknown
libmpi.so.12.0     00002BA91AEE7984  Unknown               Unknown  Unknown
libmpi.so.12.0     00002BA91AEE1945  Unknown               Unknown  Unknown
libmpi.so.12.0     00002BA91AEEBCAE  Unknown               Unknown  Unknown
libmpi.so.12       00002BA91AEEB1B3  MPI_Bcast             Unknown  Unknown
libmkl_blacs_inte  00002BA91A50173F  MKLMPI_Bcast          Unknown  Unknown
libmkl_blacs_inte  00002BA91A4F3456  Czgebs2d              Unknown  Unknown
vasp_std           0000000001D38981  Unknown               Unknown  Unknown
vasp_std           0000000001D26CAC  Unknown               Unknown  Unknown
vasp_std           0000000001CC3E2B  Unknown               Unknown  Unknown
vasp_std           0000000001C9A7D3  Unknown               Unknown  Unknown
vasp_std           0000000001C86108  Unknown               Unknown  Unknown
vasp_std           0000000001C84EC1  Unknown               Unknown  Unknown
vasp_std           0000000001C8073D  Unknown               Unknown  Unknown
vasp_std           00000000004B08F3  Unknown               Unknown  Unknown
vasp_std           00000000010631A6  Unknown               Unknown  Unknown
vasp_std           00000000010FD36B  Unknown               Unknown  Unknown
vasp_std           0000000001C24C28  Unknown               Unknown  Unknown
vasp_std           0000000001BFD431  Unknown               Unknown  Unknown
vasp_std           000000000040C4DE  Unknown               Unknown  Unknown
libc-2.17.so       00002BA91C3A53D5  __libc_start_main     Unknown  Unknown
vasp_std           000000000040C3E9  Unknown               Unknown  Unknown
forrtl: error (78): process killed (SIGTERM)
Image              PC                Routine            Line        Source             
vasp_std           0000000001E4C8FE  Unknown               Unknown  Unknown
libpthread-2.17.s  00002B3FB3C135D0  Unknown               Unknown  Unknown
libc-2.17.so       00002B3FB4204D47  __sched_yield         Unknown  Unknown
libmpi.so.12       00002B3FB2CA2408  PMPIDI_CH3I_Progr     Unknown  Unknown
libmpi.so.12.0     00002B3FB2C810BC  Unknown               Unknown  Unknown
libmpi.so.12.0     00002B3FB2C80989  Unknown               Unknown  Unknown
libmpi.so.12.0     00002B3FB2C8ACAE  Unknown               Unknown  Unknown
libmpi.so.12       00002B3FB2C8A1B3  MPI_Bcast             Unknown  Unknown
libmkl_blacs_inte  00002B3FB22A073F  MKLMPI_Bcast          Unknown  Unknown
libmkl_blacs_inte  00002B3FB22934B1  Czgebr2d              Unknown  Unknown
vasp_std           0000000001D2720C  Unknown               Unknown  Unknown
vasp_std           0000000001CC3DA0  Unknown               Unknown  Unknown
vasp_std           0000000001C9A7D3  Unknown               Unknown  Unknown
vasp_std           0000000001C86108  Unknown               Unknown  Unknown
vasp_std           0000000001C84EC1  Unknown               Unknown  Unknown
vasp_std           0000000001C8073D  Unknown               Unknown  Unknown
vasp_std           00000000004B08F3  Unknown               Unknown  Unknown
vasp_std           00000000010631A6  Unknown               Unknown  Unknown
vasp_std           00000000010FD36B  Unknown               Unknown  Unknown
vasp_std           0000000001C24C28  Unknown               Unknown  Unknown
vasp_std           0000000001BFD431  Unknown               Unknown  Unknown
vasp_std           000000000040C4DE  Unknown               Unknown  Unknown
libc-2.17.so       00002B3FB41443D5  __libc_start_main     Unknown  Unknown
vasp_std           000000000040C3E9  Unknown               Unknown  Unknown
forrtl: error (78): process killed (SIGTERM)
Image              PC                Routine            Line        Source             
vasp_std           0000000001E4C8FE  Unknown               Unknown  Unknown
libpthread-2.17.s  00002B95BD2CD5D0  Unknown               Unknown  Unknown
libc-2.17.so       00002B95BD8BED47  __sched_yield         Unknown  Unknown
libmpi.so.12       00002B95BC35C408  PMPIDI_CH3I_Progr     Unknown  Unknown
libmpi.so.12.0     00002B95BC33B9EF  Unknown               Unknown  Unknown
libmpi.so.12.0     00002B95BC33A989  Unknown               Unknown  Unknown
libmpi.so.12.0     00002B95BC344CAE  Unknown               Unknown  Unknown
libmpi.so.12       00002B95BC3441B3  MPI_Bcast             Unknown  Unknown
libmkl_blacs_inte  00002B95BB95A73F  MKLMPI_Bcast          Unknown  Unknown
libmkl_blacs_inte  00002B95BB94D4B1  Czgebr2d              Unknown  Unknown
vasp_std           0000000001D2720C  Unknown               Unknown  Unknown
vasp_std           0000000001CC3DA0  Unknown               Unknown  Unknown
vasp_std           0000000001C9A7D3  Unknown               Unknown  Unknown
vasp_std           0000000001C86108  Unknown               Unknown  Unknown
vasp_std           0000000001C84EC1  Unknown               Unknown  Unknown
vasp_std           0000000001C8073D  Unknown               Unknown  Unknown
vasp_std           00000000004B08F3  Unknown               Unknown  Unknown
vasp_std           00000000010631A6  Unknown               Unknown  Unknown
vasp_std           00000000010FD36B  Unknown               Unknown  Unknown
vasp_std           0000000001C24C28  Unknown               Unknown  Unknown
vasp_std           0000000001BFD431  Unknown               Unknown  Unknown
vasp_std           000000000040C4DE  Unknown               Unknown  Unknown
libc-2.17.so       00002B95BD7FE3D5  __libc_start_main     Unknown  Unknown
vasp_std           000000000040C3E9  Unknown               Unknown  Unknown
forrtl: error (78): process killed (SIGTERM)
Image              PC                Routine            Line        Source             
vasp_std           0000000001E4C8FE  Unknown               Unknown  Unknown
libpthread-2.17.s  00002B794D7F15D0  Unknown               Unknown  Unknown
libc-2.17.so       00002B794DDE2D47  __sched_yield         Unknown  Unknown
libmpi.so.12       00002B794C880408  PMPIDI_CH3I_Progr     Unknown  Unknown
libmpi.so.12.0     00002B794C85F0BC  Unknown               Unknown  Unknown
libmpi.so.12.0     00002B794C85E989  Unknown               Unknown  Unknown
libmpi.so.12.0     00002B794C868CAE  Unknown               Unknown  Unknown
libmpi.so.12       00002B794C8681B3  MPI_Bcast             Unknown  Unknown
libmkl_blacs_inte  00002B794BE7E73F  MKLMPI_Bcast          Unknown  Unknown
libmkl_blacs_inte  00002B794BE714B1  Czgebr2d              Unknown  Unknown
vasp_std           0000000001D389FB  Unknown               Unknown  Unknown
vasp_std           0000000001D26CAC  Unknown               Unknown  Unknown
vasp_std           0000000001CC3E2B  Unknown               Unknown  Unknown
vasp_std           0000000001C9A7D3  Unknown               Unknown  Unknown
vasp_std           0000000001C86108  Unknown               Unknown  Unknown
vasp_std           0000000001C84EC1  Unknown               Unknown  Unknown
vasp_std           0000000001C8073D  Unknown               Unknown  Unknown
vasp_std           00000000004B08F3  Unknown               Unknown  Unknown
vasp_std           00000000010631A6  Unknown               Unknown  Unknown
vasp_std           00000000010FD36B  Unknown               Unknown  Unknown
vasp_std           0000000001C24C28  Unknown               Unknown  Unknown
vasp_std           0000000001BFD431  Unknown               Unknown  Unknown
vasp_std           000000000040C4DE  Unknown               Unknown  Unknown
libc-2.17.so       00002B794DD223D5  __libc_start_main     Unknown  Unknown
vasp_std           000000000040C3E9  Unknown               Unknown  Unknown
forrtl: error (78): process killed (SIGTERM)
Image              PC                Routine            Line        Source             
vasp_std           0000000001E4C8FE  Unknown               Unknown  Unknown
libpthread-2.17.s  00002B66EB8335D0  Unknown               Unknown  Unknown
libc-2.17.so       00002B66EBE24D47  __sched_yield         Unknown  Unknown
libmpi.so.12       00002B66EA8C2408  PMPIDI_CH3I_Progr     Unknown  Unknown
libmpi.so.12.0     00002B66EA8A10BC  Unknown               Unknown  Unknown
libmpi.so.12.0     00002B66EA8A0989  Unknown               Unknown  Unknown
libmpi.so.12.0     00002B66EA8AACAE  Unknown               Unknown  Unknown
libmpi.so.12       00002B66EA8AA1B3  MPI_Bcast             Unknown  Unknown
libmkl_blacs_inte  00002B66E9EC073F  MKLMPI_Bcast          Unknown  Unknown
libmkl_blacs_inte  00002B66E9EB34B1  Czgebr2d              Unknown  Unknown
vasp_std           0000000001D389FB  Unknown               Unknown  Unknown
vasp_std           0000000001D26CAC  Unknown               Unknown  Unknown
vasp_std           0000000001CC3E2B  Unknown               Unknown  Unknown
vasp_std           0000000001C9A7D3  Unknown               Unknown  Unknown
vasp_std           0000000001C86108  Unknown               Unknown  Unknown
vasp_std           0000000001C84EC1  Unknown               Unknown  Unknown
vasp_std           0000000001C8073D  Unknown               Unknown  Unknown
vasp_std           00000000004B08F3  Unknown               Unknown  Unknown
vasp_std           00000000010631A6  Unknown               Unknown  Unknown
vasp_std           00000000010FD36B  Unknown               Unknown  Unknown
vasp_std           0000000001C24C28  Unknown               Unknown  Unknown
vasp_std           0000000001BFD431  Unknown               Unknown  Unknown
vasp_std           000000000040C4DE  Unknown               Unknown  Unknown
libc-2.17.so       00002B66EBD643D5  __libc_start_main     Unknown  Unknown
vasp_std           000000000040C3E9  Unknown               Unknown  Unknown
forrtl: error (78): process killed (SIGTERM)
Image              PC                Routine            Line        Source             
vasp_std           0000000001E4C8FE  Unknown               Unknown  Unknown
libpthread-2.17.s  00002B40671975D0  Unknown               Unknown  Unknown
libc-2.17.so       00002B4067788D47  __sched_yield         Unknown  Unknown
libmpi.so.12       00002B4066226408  PMPIDI_CH3I_Progr     Unknown  Unknown
libmpi.so.12.0     00002B40662050BC  Unknown               Unknown  Unknown
libmpi.so.12.0     00002B4066204989  Unknown               Unknown  Unknown
libmpi.so.12.0     00002B406620ECAE  Unknown               Unknown  Unknown
libmpi.so.12       00002B406620E1B3  MPI_Bcast             Unknown  Unknown
libmkl_blacs_inte  00002B406582473F  MKLMPI_Bcast          Unknown  Unknown
libmkl_blacs_inte  00002B40658174B1  Czgebr2d              Unknown  Unknown
vasp_std           0000000001D389FB  Unknown               Unknown  Unknown
vasp_std           0000000001D26CAC  Unknown               Unknown  Unknown
vasp_std           0000000001CC3E2B  Unknown               Unknown  Unknown
vasp_std           0000000001C9A7D3  Unknown               Unknown  Unknown
vasp_std           0000000001C86108  Unknown               Unknown  Unknown
vasp_std           0000000001C84EC1  Unknown               Unknown  Unknown
vasp_std           0000000001C8073D  Unknown               Unknown  Unknown
vasp_std           00000000004B08F3  Unknown               Unknown  Unknown
vasp_std           00000000010631A6  Unknown               Unknown  Unknown
vasp_std           00000000010FD36B  Unknown               Unknown  Unknown
vasp_std           0000000001C24C28  Unknown               Unknown  Unknown
vasp_std           0000000001BFD431  Unknown               Unknown  Unknown
vasp_std           000000000040C4DE  Unknown               Unknown  Unknown
libc-2.17.so       00002B40676C83D5  __libc_start_main     Unknown  Unknown
vasp_std           000000000040C3E9  Unknown               Unknown  Unknown
